// Vitest Snapshot v1

exports[`Test account component > Should render displaying the user 1`] = `
<div
  class="account"
  data-testid="account"
  id="account"
>
  <div
    class="account__head"
  >
    <h4
      class="subtitle"
      data-testid="subtitle"
      id="subtitle"
    >
      Account
    </h4>
    <svg
      fill="currentColor"
      height="1em"
      stroke="currentColor"
      stroke-width="0"
      viewBox="0 0 448 512"
      width="1em"
      xmlns="http://www.w3.org/2000/svg"
    >
      <path
        d="M240.971 130.524l194.343 194.343c9.373 9.373 9.373 24.569 0 33.941l-22.667 22.667c-9.357 9.357-24.522 9.375-33.901.04L224 227.495 69.255 381.516c-9.379 9.335-24.544 9.317-33.901-.04l-22.667-22.667c-9.373-9.373-9.373-24.569 0-33.941L207.03 130.525c9.372-9.373 24.568-9.373 33.941-.001z"
      />
    </svg>
  </div>
  <div
    class="show"
  >
    <div
      class="user"
      data-testid="user"
      id="user"
    >
      <img
        class="user-img"
        height="45px"
        src="http://localhost:3000/public/assets/undefined"
        width="45px"
      />
      <div
        class="user-info"
      >
        <p
          class="paragraph "
          data-testid="paragraph"
          id="paragraph"
        >
          fake-name 
        </p>
        <p
          class="nickname"
        >
          @nickname
        </p>
      </div>
    </div>
  </div>
</div>
`;

exports[`Test account component > Should render hiding the user 1`] = `
<div
  class="account"
  data-testid="account"
  id="account"
>
  <div
    class="account__head"
  >
    <h4
      class="subtitle"
      data-testid="subtitle"
      id="subtitle"
    >
      Account
    </h4>
    <svg
      fill="currentColor"
      height="1em"
      stroke="currentColor"
      stroke-width="0"
      viewBox="0 0 448 512"
      width="1em"
      xmlns="http://www.w3.org/2000/svg"
    >
      <path
        d="M240.971 130.524l194.343 194.343c9.373 9.373 9.373 24.569 0 33.941l-22.667 22.667c-9.357 9.357-24.522 9.375-33.901.04L224 227.495 69.255 381.516c-9.379 9.335-24.544 9.317-33.901-.04l-22.667-22.667c-9.373-9.373-9.373-24.569 0-33.941L207.03 130.525c9.372-9.373 24.568-9.373 33.941-.001z"
      />
    </svg>
  </div>
  <div
    class="show"
  >
    <div
      class="user"
      data-testid="user"
      id="user"
    >
      <img
        class="user-img"
        height="45px"
        src="http://localhost:3000/public/assets/undefined"
        width="45px"
      />
      <div
        class="user-info"
      >
        <p
          class="paragraph "
          data-testid="paragraph"
          id="paragraph"
        >
          fake-name 
        </p>
        <p
          class="nickname"
        >
          @nickname
        </p>
      </div>
    </div>
  </div>
</div>
`;
